{"registry_version":1,"session_id":"session-registry","registry_revision":4,"artifacts":{"mother_dxf":{"mother-main":{"path":"out/mother_dxf_v1/artifacts/mother/session-registry_mother.dxf","created_at":"2026-01-04T05:06:07.000Z","status":"valid","checksum":null,"size_bytes":null,"artifact_revision":1}},"child_dxf":{"child-no-topo":{"path":"out/mother_dxf_v1/children/session-registry_child_no_topo/child.dxf","created_at":"2026-01-04T05:06:07.000Z","status":"valid","checksum":null,"size_bytes":null,"artifact_revision":1}},"preview_json":{"preview-main":{"path":"out/mother_dxf_v1/previews/preview-main/preview.json","created_at":"2026-01-04T05:06:07.000Z","status":"valid","checksum":null,"size_bytes":null,"artifact_revision":2}}}}
