{"technology_profile":"OPS_S4P4","family":"VRATA","product":"PPV","part":"KSKR","product_code":"KSKR","parameter_catalog_id":"legacy_door_configurator_catalog_v0","parameter_scope":{"family":"VRATA","product":"PPV","part":""},"parameters":{"MODEL_VRATA":1,"TIP_VRATA":"Europa","SIRINA_VRATA":910,"VISINA_VRATA":2110,"VANJSKA_VRATA":"Ne","SKRACENJE":0,"SPIJUNKA_VISINA":"150cm","TRECA_SPOJNICA":"Ne","STRANA_OTVARANJA":"Lijeva (SX)","BOJA_DOVRATNIKA":"D Antracit sivo RAL7016","BOJA_METALNIH_DRZACA_PANELA":"L Antracit sivo RAL7016","VANJSKI_PANEL":"pv Avorio","UNUTARNJI_PANEL":"pu Avorio","VANJSKE_UKRASNE_LETVE":"Bez ukrasnih letvi","UNUTARNJE_UKRASNE_LETVE":"Bez ukrasnih letvi","BRAVA":"CILINDAR","CILINDAR":"kljuc - kljuc K22 30-50","FUNKCIJA_OKOVA":"Fiksna kugla","BOJA_OKOVA_IZNUTRA":"Bronca","BOJA_OKOVA_IZVANA":"Bronca","METLICA":"Jednostruka","LIMITATOR":"Ne","ELEKTROPRIHVATNIK":"Ne","HIDRAULICKI_ZATVARAC":"Bez zatvaraca","SLIJEPI_STOK":"Ne"}}
